// Jest Snapshot v1, https://goo.gl/fbAQLP

exports[`should render 1`] = `
<li
  className=""
>
  ListItem
</li>
`;

exports[`should render 2`] = `
"

"
`;
