// Jest Snapshot v1, https://goo.gl/fbAQLP

exports[`should render 1`] = `
<div
  className="cf-card__toolbar"
>
  <div
    className="cf-card__toolbar_controls"
  >
    Controls
  </div>
  <div
    className="cf-card__toolbar_links"
    role="tablist"
  >
    Links
  </div>
</div>
`;
