// Jest Snapshot v1, https://goo.gl/fbAQLP

exports[`should render 1`] = `
<ins
  className="cf-ins"
>
  Ins
</ins>
`;
