// Jest Snapshot v1, https://goo.gl/fbAQLP

exports[`should render 1`] = `
<sub
  className="cf-sub"
>
  Sub
</sub>
`;
