// Jest Snapshot v1, https://goo.gl/fbAQLP

exports[`should render 1`] = `
<sup
  className="cf-sup"
>
  Sup
</sup>
`;
