// Jest Snapshot v1, https://goo.gl/fbAQLP

exports[`should render 1`] = `
<u
  className="cf-underline"
>
  Underline
</u>
`;
