// Jest Snapshot v1, https://goo.gl/fbAQLP

exports[`StyleProvider should render 1`] = `<div />`;

exports[`StyleProvider should render styles 1`] = `
"<html>

<head>
  <style data-fela-type=\\"RULE\\" type=\\"text/css\\">
    .a {
      margin: 10px
    }

    .b {
      color: red
    }
  </style>
  <style data-fela-type=\\"RULE\\" type=\\"text/css\\" media=\\"(min-width: 64em)\\">
    .c {
      font-size: 1px
    }
  </style>
</head>

<body>
  <div>
    <div data-reactroot=\\"\\" class=\\"a b c\\"></div>
  </div>
</body>

</html>"
`;

exports[`felaSnapshot should return a formatted snapshot object 1`] = `
Object {
  "component": <div
    className="a"
/>,
  "styles": "
.a {
  color: black
}
",
}
`;
