// Jest Snapshot v1, https://goo.gl/fbAQLP

exports[`should render 1`] = `
<div
  className="a b c d"
>
  Card footer
</div>
`;

exports[`should render 2`] = `
"
.a {
  font-size: 0.8rem
}

.b {
  color: #7c7c7c
}

.c {
  line-height: 1.3
}

.d {
  margin-top: 1.5em
}
"
`;
