// Jest Snapshot v1, https://goo.gl/fbAQLP

exports[`should render 1`] = `
<h3
  className="a b"
>
  CardTitle
</h3>
`;

exports[`should render 2`] = `
"
.a {
  font-weight: 400
}

.b {
  margin-bottom: 1rem
}
"
`;
