// Jest Snapshot v1, https://goo.gl/fbAQLP

exports[`Textarea should render 1`] = `
<textarea
  className="cf-textarea"
  name="example"
  onChange={[Function]}
  value="content"
/>
`;
