// Jest Snapshot v1, https://goo.gl/fbAQLP

exports[`should render size 1`] = `
<h2
  className="cf-46exok"
>
  Heading
</h2>
`;
