// Jest Snapshot v1, https://goo.gl/fbAQLP

exports[`should render 1`] = `
<div
  className="a b c"
/>
`;

exports[`should render 2`] = `
"
.a {
  text-align: left
}

.b {
  display: inline-block
}

.c {
  vertical-align: middle
}
"
`;
