// Jest Snapshot v1, https://goo.gl/fbAQLP

exports[`Cite should render 1`] = `
<cite
  className="cf-cite"
>
  Cite
</cite>
`;
