// Jest Snapshot v1, https://goo.gl/fbAQLP

exports[`Samp should render 1`] = `
<samp
  className="cf-samp"
>
  Samp
</samp>
`;
