// Jest Snapshot v1, https://goo.gl/fbAQLP

exports[`Small should render 1`] = `
<small
  className="cf-small"
>
  Small
</small>
`;
