// Jest Snapshot v1, https://goo.gl/fbAQLP

exports[`Strike should render 1`] = `
<s
  className="cf-strike"
>
  Strike
</s>
`;
