// Jest Snapshot v1, https://goo.gl/fbAQLP

exports[`should render 1`] = `
<div
  className="cf-form__header"
>
  <h3
    className="cf-form__title"
  >
    FormHeader
  </h3>
</div>
`;
