// Jest Snapshot v1, https://goo.gl/fbAQLP

exports[`should render 1`] = `
<div
  className="a b c d e f g"
>
  Hello World
</div>
`;

exports[`should render 2`] = `
"
.a {
  margin-left: auto
}

.b {
  margin-right: auto
}

@media (min-width: 13.6em) {
  .c {
    width: 13.6em
  }
}

@media (min-width: 30.4em) {
  .d {
    width: 30.4em
  }
}

@media (min-width: 47.2em) {
  .e {
    width: 47.2em
  }
}

@media (min-width: 64em) {
  .f {
    width: 64em
  }
}

@media (min-width: 97.6em) {
  .g {
    width: 97.6em
  }
}
"
`;
