// Jest Snapshot v1, https://goo.gl/fbAQLP

exports[`should render 1`] = `
<div
  className="cf-modal__actions"
>
  ModalActions
</div>
`;
