// Jest Snapshot v1, https://goo.gl/fbAQLP

exports[`should render 1`] = `
<i
  className="cf-1isqwou"
>
  <span
    className="cf-1u9fru1"
  >
    Loading
  </span>
</i>
`;
