// Jest Snapshot v1, https://goo.gl/fbAQLP

exports[`should render 1`] = `
<div
  className="a b c"
>
  FormFooter
</div>
`;

exports[`should render 2`] = `
"
.a {
  padding: 1em
}

.b {
  border-top: 1px solid #dedede
}

.c {
  text-align: right
}
"
`;
